# .
no Go files in /Users/mihaieremia/GitHub/mx-chain-proxy-go
FAIL	. [setup failed]
